[dotenv@17.2.4] injecting env (2) from .env -- tip: 👥 sync secrets across teammates & machines: https://dotenvx.com/ops
[dotenv@17.2.4] injecting env (0) from .env -- tip: 🔐 encrypt with Dotenvx: https://dotenvx.com
[WARN: Verification Key] VK hash not found, registering new VK
## Setting up Noir and Barretenberg
## Generating Verification Key
## Registering Verification Key at Kurier
## Kurier vkHash for game_circuit circuit written to /home/ally/DevEnv/pvtDock/deploy_files/project-ease/circuits/target/game_circuit_vkHash.json
## vkHash found: 0x8a9c369251962921e7f9138b9be9a015bcfdf72ded98565205839683c237a43a
## Setting up Noir and Barretenberg
## Extracting parameters and matching inpus
## Creating pivate witness
## Generating Proof
## Verifying Proof w/ BB.js
## Submitting Proof to Kurier
Proof response status code: 200
==> Submit Response:
 {
  "jobId": "efaedd25-08a3-11f1-ba70-7286ae76ae34",
  "optimisticVerify": "failed"
}
Error verifying proof with Kurier:
 Error: [ERR: Proof Verification] Optimistic verification failed
    at verifyKurier (/home/ally/DevEnv/pvtDock/deploy_files/project-ease/index.ts:126:13)
    at process.processTicksAndRejections (node:internal/process/task_queues:103:5)
    at async main (/home/ally/DevEnv/pvtDock/deploy_files/project-ease/proof_verify.ts:10:3)
